{
  "data": {
    "skybrudRedirectsExampleQuery": {
      "name": "Site 2",
      "url": "http://site-2.com/",
      "redirect": null,
      "statusCode": 200
    }
  }
}