{
  "data": {
    "skybrudRedirectsExampleQuery": {
      "name": null,
      "url": null,
      "redirect": {
        "redirectUrl": "https://site-2.com/page-1/",
        "isPermanent": true
      },
      "statusCode": 301
    }
  }
}