{
  "data": {
    "urlTrackerExampleQuery": {
      "redirect": {
        "redirectUrl": "/regexhttp://example.com/ipsum",
        "isPermanent": true
      },
      "name": null,
      "statusCode": 301
    }
  }
}