{
  "data": {
    "urlTrackerExampleQuery": {
      "redirect": {
        "redirectUrl": "http://site-1.com/page-1/",
        "isPermanent": true
      },
      "name": null,
      "statusCode": 301
    }
  }
}