{
  "data": {
    "urlTrackerExampleQuery": {
      "redirect": null,
      "name": "Site 1",
      "statusCode": 200
    }
  }
}