{
  "data": {
    "contentAtRoot": {
      "items": [
        {
          "url": "https://site-1.com/no-domain-site/",
          "redirect": null,
          "statusCode": 200,
          "properties": {
            "__typename": "EmptyPropertyType"
          },
          "urlSegment": "no-domain-site",
          "name": "No domain site",
          "id": 1147,
          "key": "cb9726b8-2307-4a01-9b39-7c2850c4d19a",
          "templateId": null,
          "parent": null,
          "__typename": "ContentItem"
        }
      ],
      "page": 2,
      "pageSize": 1,
      "totalItems": 7,
      "hasNextPage": true
    }
  }
}