{
  "data": {
    "contentAtRoot": {
      "items": [],
      "page": 1,
      "pageSize": 0,
      "totalItems": 7,
      "hasNextPage": true
    }
  }
}