{
  "data": {
    "contentAtRoot": {
      "items": [],
      "page": 1000,
      "pageSize": 1000,
      "totalItems": 7,
      "hasNextPage": false
    }
  }
}