{
  "data": {
    "mediaAtRoot": {
      "items": [],
      "page": 1,
      "pageSize": 0,
      "totalItems": 6,
      "hasNextPage": true
    }
  }
}