{
  "data": {
    "contentByContentType": {
      "items": [],
      "page": 1,
      "pageSize": 0,
      "totalItems": 4,
      "hasNextPage": true
    }
  }
}