{
  "data": {
    "contentByContentType": {
      "items": [],
      "page": 1000,
      "pageSize": 1000,
      "totalItems": 16,
      "hasNextPage": false
    }
  }
}