{
  "errors": [
    {
      "message": "The value cannot be an empty string. (Parameter \u0027contentType\u0027)",
      "locations": [
        {
          "line": 11,
          "column": 3
        }
      ],
      "path": [
        "contentByContentType"
      ]
    }
  ],
  "data": null
}