{
  "errors": [
    {
      "message": "Id must be greater than 0 (Parameter \u0027id\u0027)",
      "locations": [
        {
          "line": 9,
          "column": 3
        }
      ],
      "path": [
        "contentById"
      ]
    }
  ],
  "data": {
    "contentById": null
  }
}