{
  "data": {
    "contentById": {
      "url": "#",
      "redirect": null,
      "statusCode": 200,
      "properties": {
        "__typename": "EmptyPropertyType"
      },
      "urlSegment": null,
      "name": "UnpublishedSite",
      "id": 1149,
      "key": "f894ebb3-7353-4439-b84c-04ed7d283202",
      "templateId": null,
      "parent": null,
      "__typename": "ContentItem"
    }
  }
}