{
  "data": {
    "mediaByContentType": {
      "items": [],
      "page": 1,
      "pageSize": 0,
      "totalItems": 2,
      "hasNextPage": true
    }
  }
}