{
  "data": {
    "findMembersByRole": {
      "items": [],
      "page": 1,
      "pageSize": 1,
      "totalItems": 0,
      "hasNextPage": false,
      "__typename": "PaginationOfMemberItem"
    }
  }
}