{
  "errors": [
    {
      "message": "The current user is not authorized to access this resource.",
      "locations": [
        {
          "line": 2,
          "column": 3
        }
      ],
      "path": [
        "mediaByGuid"
      ],
      "extensions": {
        "code": "AUTH_NOT_AUTHORIZED"
      }
    }
  ],
  "data": {
    "mediaByGuid": null
  }
}